// Jest Snapshot v1, https://goo.gl/fbAQLP

exports[`Select component tests should render 1`] = `
.c4 {
  display: -webkit-box;
  display: -webkit-flex;
  display: -ms-flexbox;
  display: flex;
  -webkit-flex-direction: row;
  -ms-flex-direction: row;
  flex-direction: row;
  -webkit-box-pack: center;
  -webkit-justify-content: center;
  -ms-flex-pack: center;
  justify-content: center;
  -webkit-align-items: center;
  -webkit-box-align: center;
  -ms-flex-align: center;
  align-items: center;
}

.c5 {
  background-color: transparent;
  border: none;
  cursor: pointer;
  display: -webkit-box;
  display: -webkit-flex;
  display: -ms-flexbox;
  display: flex;
  -webkit-align-items: center;
  -webkit-box-align: center;
  -ms-flex-align: center;
  align-items: center;
  -webkit-box-pack: center;
  -webkit-justify-content: center;
  -ms-flex-pack: center;
  justify-content: center;
  outline: none;
  margin: 1px;
  -webkit-user-select: none;
  -moz-user-select: none;
  -ms-user-select: none;
  user-select: none;
  cursor: pointer;
}

.c6 {
  height: 16px;
  width: 16px;
  line-height: 16px;
}

.c6 * {
  height: inherit;
  width: inherit;
}

.c2 {
  border: 1px solid #aaaaaa;
  border-radius: 2px;
  display: -webkit-box;
  display: -webkit-flex;
  display: -ms-flexbox;
  display: flex;
  -webkit-flex-direction: row;
  -ms-flex-direction: row;
  flex-direction: row;
  -webkit-align-items: stretch;
  -webkit-box-align: stretch;
  -ms-flex-align: stretch;
  align-items: stretch;
  -webkit-box-flex: 1;
  -webkit-flex-grow: 1;
  -ms-flex-positive: 1;
  flex-grow: 1;
  padding: 1px 5px;
  background-color: #fff;
  color: #000;
  font-weight: normal;
  background-color: #eeeeee;
}

.c1 {
  display: -webkit-box;
  display: -webkit-flex;
  display: -ms-flexbox;
  display: flex;
  -webkit-flex-direction: column;
  -ms-flex-direction: column;
  flex-direction: column;
  position: relative;
  width: 180px;
}

.c7 {
  color: #a94442;
  font-weight: bold;
  font-size: 19px;
  padding-bottom: 1px;
  padding-left: 4px;
  display: none;
}

.c3 {
  display: -webkit-box;
  display: -webkit-flex;
  display: -ms-flexbox;
  display: flex;
  -webkit-align-items: center;
  -webkit-box-align: center;
  -ms-flex-align: center;
  align-items: center;
  -webkit-box-flex: 1;
  -webkit-flex-grow: 1;
  -ms-flex-positive: 1;
  flex-grow: 1;
  word-break: keep-all;
  white-space: nowrap;
  overflow: hidden;
  cursor: default;
  cursor: default;
}

.c0 {
  display: -webkit-box;
  display: -webkit-flex;
  display: -ms-flexbox;
  display: flex;
}

<div
  aria-expanded="false"
  aria-haspopup="listbox"
  aria-labelledby="downshift-0-label"
  class="c0"
  role="combobox"
>
  <div
    class="c1"
    width="180px"
  >
    <div
      aria-haspopup="true"
      aria-label="open menu"
      class="c2"
      data-toggle="true"
      disabled=""
      role="button"
      type="button"
    >
      <div
        class="c3"
        data-testid="select-selected-value"
        disabled=""
      />
      <div
        class="c4"
      >
        <span
          class="c5 c6"
          data-testid="select-open-button"
        >
          ▼
        </span>
      </div>
    </div>
  </div>
  <div
    class="c7"
    data-testid="error-marker"
  >
    ×
  </div>
</div>
`;

exports[`TicketStatusGroup tests should render 1`] = `
.c7 {
  display: -webkit-box;
  display: -webkit-flex;
  display: -ms-flexbox;
  display: flex;
  -webkit-flex-direction: row;
  -ms-flex-direction: row;
  flex-direction: row;
  -webkit-box-pack: center;
  -webkit-justify-content: center;
  -ms-flex-pack: center;
  justify-content: center;
  -webkit-align-items: center;
  -webkit-box-align: center;
  -ms-flex-align: center;
  align-items: center;
}

.c0 {
  display: -webkit-box;
  display: -webkit-flex;
  display: -ms-flexbox;
  display: flex;
  -webkit-align-items: center;
  -webkit-box-align: center;
  -ms-flex-align: center;
  align-items: center;
  -webkit-box-pack: start;
  -webkit-justify-content: start;
  -ms-flex-pack: start;
  justify-content: start;
  padding-bottom: 10px;
}

.c1 {
  display: inline-block;
  max-width: 100%;
  font-weight: bold;
  text-align: right;
  padding-left: 10px;
  padding-right: 10px;
  width: 16.66666667%;
  margin-left: 0;
}

.c2 {
  display: -webkit-box;
  display: -webkit-flex;
  display: -ms-flexbox;
  display: flex;
  -webkit-flex-direction: row;
  -ms-flex-direction: row;
  flex-direction: row;
  -webkit-box-pack: start;
  -webkit-justify-content: start;
  -ms-flex-pack: start;
  justify-content: start;
  -webkit-align-items: center;
  -webkit-box-align: center;
  -ms-flex-align: center;
  align-items: center;
  width: 83.33333333%;
  padding-left: 10px;
  padding-right: 10px;
}

.c8 {
  background-color: transparent;
  border: none;
  cursor: pointer;
  display: -webkit-box;
  display: -webkit-flex;
  display: -ms-flexbox;
  display: flex;
  -webkit-align-items: center;
  -webkit-box-align: center;
  -ms-flex-align: center;
  align-items: center;
  -webkit-box-pack: center;
  -webkit-justify-content: center;
  -ms-flex-pack: center;
  justify-content: center;
  outline: none;
  margin: 1px;
  -webkit-user-select: none;
  -moz-user-select: none;
  -ms-user-select: none;
  user-select: none;
  cursor: pointer;
}

.c9 {
  height: 16px;
  width: 16px;
  line-height: 16px;
}

.c9 * {
  height: inherit;
  width: inherit;
}

.c5 {
  border: 1px solid #aaaaaa;
  border-radius: 2px;
  display: -webkit-box;
  display: -webkit-flex;
  display: -ms-flexbox;
  display: flex;
  -webkit-flex-direction: row;
  -ms-flex-direction: row;
  flex-direction: row;
  -webkit-align-items: stretch;
  -webkit-box-align: stretch;
  -ms-flex-align: stretch;
  align-items: stretch;
  -webkit-box-flex: 1;
  -webkit-flex-grow: 1;
  -ms-flex-positive: 1;
  flex-grow: 1;
  padding: 1px 5px;
  background-color: #fff;
  color: #000;
  font-weight: normal;
}

.c4 {
  display: -webkit-box;
  display: -webkit-flex;
  display: -ms-flexbox;
  display: flex;
  -webkit-flex-direction: column;
  -ms-flex-direction: column;
  flex-direction: column;
  position: relative;
  width: 180px;
}

.c10 {
  color: #a94442;
  font-weight: bold;
  font-size: 19px;
  padding-bottom: 1px;
  padding-left: 4px;
  display: none;
}

.c6 {
  display: -webkit-box;
  display: -webkit-flex;
  display: -ms-flexbox;
  display: flex;
  -webkit-align-items: center;
  -webkit-box-align: center;
  -ms-flex-align: center;
  align-items: center;
  -webkit-box-flex: 1;
  -webkit-flex-grow: 1;
  -ms-flex-positive: 1;
  flex-grow: 1;
  word-break: keep-all;
  white-space: nowrap;
  overflow: hidden;
  cursor: pointer;
  cursor: default;
}

.c3 {
  display: -webkit-box;
  display: -webkit-flex;
  display: -ms-flexbox;
  display: flex;
}

<div
  class="c0"
>
  <label
    class="c1"
    data-testid="formgroup-title"
  >
    Ticket Status
  </label>
  <div
    class="c2"
    data-testid="formgroup-content"
    size="10"
  >
    <div
      aria-expanded="false"
      aria-haspopup="listbox"
      aria-labelledby="downshift-8-label"
      class="c3"
      role="combobox"
    >
      <div
        class="c4"
        width="180px"
      >
        <div
          aria-haspopup="true"
          aria-label="open menu"
          class="c5"
          data-toggle="true"
          role="button"
          type="button"
        >
          <div
            class="c6"
            data-testid="select-selected-value"
            title="Closed"
          >
            Closed
          </div>
          <div
            class="c7"
          >
            <span
              class="c8 c9"
              data-testid="select-open-button"
            >
              ▼
            </span>
          </div>
        </div>
      </div>
      <div
        class="c10"
        data-testid="error-marker"
      >
        ×
      </div>
    </div>
  </div>
</div>
`;
